// Jest Snapshot v1, https://goo.gl/fbAQLP

exports[`AspectRatio should not render without children 1`] = `null`;
