// Jest Snapshot v1, https://goo.gl/fbAQLP

exports[`Carousel styles should not render without slides data 1`] = `null`;
