// Jest Snapshot v1, https://goo.gl/fbAQLP

exports[`SlideImage styles should render with custom aspect ratio 1`] = `
.circuit-2 {
  background: #FAFBFC;
}

.circuit-0 {
  display: block;
  height: auto;
  max-height: 100%;
  width: 100%;
}

.circuit-0 img {
  object-fit: cover;
}

<div
  className="circuit-2 circuit-3"
>
  <img
    alt="random pic"
    className="circuit-0 circuit-1"
    src="https://placedog.net/800/500"
  />
</div>
`;

exports[`SlideImage styles should render with default styles 1`] = `
.circuit-2 {
  background: #FAFBFC;
}

.circuit-0 {
  display: block;
  height: auto;
  max-height: 100%;
  width: 100%;
}

.circuit-0 img {
  object-fit: cover;
}

<div
  className="circuit-2 circuit-3"
>
  <img
    alt="random pic"
    className="circuit-0 circuit-1"
    src="https://placedog.net/800/500"
  />
</div>
`;
